{"anti_freezing": "0", "est_st_track_cond_spped_score_3": "0", "est_turf_track_cond_speed_score": "-2", "nichi": "1", "est_dirt_track_cond_speed_score": "-7", "est_dirt_track_cond_speed_id": "", "year": "08", "place_grouping_id": "3", "kab_data_id": "4", "days": "9", "est_dirt_track_cond_id_1": "1", "est_turf_track_cond_id": "1", "precipitation": "0", "est_weather_id": "1", "est_turf_track_cond_id_2": "2", "kai": "2", "est_st_track_cond_spped_score_1": "-1", "est_turf_track_cond_speed_id": "", "est_dirt_track_cond_id_2": "1", "est_dirt_track_cond_id": "1", "est_st_track_cond_spped_score_4": "0", "est_turf_track_cond_id_3": "2", "place_id": "01", "dow": "土", "est_st_track_cond_spped_score_5": "0", "compaction": "0", "plant_height": "14", "place_name": "札幌", "yyyymmdd": "20080913", "est_dirt_track_cond_id_3": "1", "est_st_track_cond_spped_score_2": "0", "turf_type_id": "2", "est_turf_track_cond_id_1": "2"}
